
 ByteOrder            : Little-Endian (0x4949)
 LastModified         : 2024-01-07 15:29:44.00
 AAF ObjSpec Version  : 1.1
 ObjectModel Version  : 1
 Operational Pattern  : AAFUID_NULL



 CompanyName          : Blackmagic Design
 ProductName          : DaVinci Resolve
 ProductVersion       : 18.5.0.0 AAFVersionReleased (1)
 ProductVersionString : Unknown version
 ProductID            : { 0x64a8d1aa 0x7ffd 0x0000 { 0x61 0x00 0x28 0x03 0x00 0x00 0x00 0x00 } }
 Date                 : 2024-01-07 15:29:44.00
 ToolkitVersion       : 1.1.6.0 AAFVersionReleased (1)
 Platform             : AAFSDK (Win32)
 GenerationAUID       : { 0x5957dd3e 0x358c 0x44c1 { 0xb0 0x6f 0x38 0x5c 0x37 0xb5 0x2d 0xb1 } }



 Composition Name            : DR_Stereo_Clip_Positioning

 TC EditRrate                : 24/1
 TC FPS                      : 24 NDF

 Composition Start (EU)      : 86400
 Composition Start (samples) : 172800000
 Composition Start           : 01:00:00:00

 Composition End (EU)        : 173554000 (EditRate: 48000/1)
 Composition End (samples)   : 173554000
 Composition End             : 01:00:15:17

 Dominant Sample Rate        : 22050
 Dominant Sample Size        : 16 bits


Media Essences :
================

 Audio[1] :: Format: WAVE - 02 ch - 22050 Hz - 16 bits  Length: 43117  Name: "sample-accuracy-173459321"  UniqueName: "sample-accuracy-173459321_1"
 └── File: "file://localhost/C:/Users/user/Desktop/res/stereo-identif.wav"

 Audio[2] :: Format: WAVE - 02 ch - 22050 Hz - 16 bits  Length: 43117  Name: "sample-accuracy-173459321"  UniqueName: "sample-accuracy-173459321"
 └── File: "file://localhost/C:/Users/user/Desktop/res/stereo-identif.wav"

 Audio[3] :: Format: WAVE - 02 ch - 22050 Hz - 16 bits  Length: 43117  Name: "tc-accurate-01:00:09:00-173232000"  UniqueName: "tc-accurate-01:00:09:00-173232000_1"
 └── File: "file://localhost/C:/Users/user/Desktop/res/stereo-identif.wav"

 Audio[4] :: Format: WAVE - 02 ch - 22050 Hz - 16 bits  Length: 43117  Name: "tc-accurate-01:00:09:00-173232000"  UniqueName: "tc-accurate-01:00:09:00-173232000"
 └── File: "file://localhost/C:/Users/user/Desktop/res/stereo-identif.wav"

 Audio[5] :: Format: WAVE - 02 ch - 22050 Hz - 16 bits  Length: 43117  Name: "sample-accurate-173000000"  UniqueName: "sample-accurate-173000000_1"
 └── File: "file://localhost/C:/Users/user/Desktop/res/stereo-identif.wav"

 Audio[6] :: Format: WAVE - 02 ch - 22050 Hz - 16 bits  Length: 43117  Name: "sample-accurate-173000000"  UniqueName: "sample-accurate-173000000"
 └── File: "file://localhost/C:/Users/user/Desktop/res/stereo-identif.wav"

 Audio[7] :: Format: WAVE - 02 ch - 22050 Hz - 16 bits  Length: 43117  Name: "stereo-identif"  UniqueName: "stereo-identif_1"
 └── File: "file://localhost/C:/Users/user/Desktop/res/stereo-identif.wav"

 Audio[8] :: Format: WAVE - 02 ch - 22050 Hz - 16 bits  Length: 43117  Name: "stereo-identif"  UniqueName: "stereo-identif"
 └── File: "file://localhost/C:/Users/user/Desktop/res/stereo-identif.wav"


Tracks & Clips :
================

 VideoTrack[1] ::  EditRate: 24/1 (24.00)


 AudioTrack[1] ::  EditRate: 48000/1 (48000.00)  Format: STEREO  Name: "Audio 1"
 ├── Clip (1):  Start: 172800000  Len: 93860  End: 172893860  SourceOffset: 0  Channels: 2
 │   ├── SourceFile [ch 1]: "stereo-identif"
 │   └── SourceFile [ch 2]: "stereo-identif_1"
 │
 ├── Clip (2):  Start: 173000000  Len: 93860  End: 173093860  SourceOffset: 0  Channels: 2
 │   ├── SourceFile [ch 1]: "sample-accurate-173000000"
 │   └── SourceFile [ch 2]: "sample-accurate-173000000_1"
 │
 ├── Clip (3):  Start: 173232000  Len: 93860  End: 173325860  SourceOffset: 0  Channels: 2
 │   ├── SourceFile [ch 1]: "tc-accurate-01:00:09:00-173232000"
 │   └── SourceFile [ch 2]: "tc-accurate-01:00:09:00-173232000_1"
 │
 └── Clip (4):  Start: 173459321  Len: 93860  End: 173553181  SourceOffset: 0  Channels: 2
     ├── SourceFile [ch 1]: "sample-accuracy-173459321"
     └── SourceFile [ch 2]: "sample-accuracy-173459321_1"
  

