
 ByteOrder            : Little-Endian (0x4949)
 LastModified         : 2024-01-18 21:51:01.00
 AAF ObjSpec Version  : 1.1
 ObjectModel Version  : 1
 Operational Pattern  : AAFOPDef_EditProtocol



 CompanyName          : Avid Technology, Inc.
 ProductName          : Avid Media Composer 23.12
 ProductVersion       : 23.12.0.0 AAFVersionReleased (1)
 ProductVersionString : Unknown version
 ProductID            : { 0xd0b7c06e 0xcd3d 0x4ad7 { 0xac 0xfb 0xf0 0x3a 0x4f 0x42 0xa2 0x31 } }
 Date                 : 2024-01-18 21:51:01.00
 ToolkitVersion       : 2.0.9.124 AAFVersionReleased (1)
 Platform             : AAFSDK (Win64)
 GenerationAUID       : { 0x2a3f8287 0x540b 0x4845 { 0xb3 0x40 0xe5 0x37 0x80 0xd3 0x82 0xf7 } }



 Composition Name            : MC_TC_25.Exporté.01

 TC EditRrate                : 25/1
 TC FPS                      : 25 NDF

 Composition Start (EU)      : 90000
 Composition Start (samples) : 172800000
 Composition Start           : 01:00:00:00

 Composition End (EU)        : 90325 (EditRate: 25/1)
 Composition End (samples)   : 173424000
 Composition End             : 01:00:13:00

 Dominant Sample Rate        : 48000
 Dominant Sample Size        : 16 bits


Media Essences :
================

 Audio[1] :: Format: PCM  - 01 ch - 48000 Hz - 16 bits  Length: 00:00:03:00  Name: "1000hz-18dbs16b44.1k.wav"  UniqueName: "1000hz-18dbs16b44.1k.wav"
 ├── File: "file:///D%3A/Avid%20MediaFiles/MXF/1/1000hz-18dA01.65A91FCEF2B6A.mxf"
 └── Metadata:
     - Name: "UNC Path"    Text: "C:\Users\user\Desktop\LibAAFTestFiles\res\1000hz-18dbs16b44.1k.wav"
     - Name: "Shoot Date"  Text: "2024-01-03"
     - Name: "TapeID"      Text: "1000hz-18dbs16b44.1k.wav"


Tracks & Clips :
================

 VideoTrack[1] ::  EditRate: 25/1 (25.00)


 AudioTrack[1] ::  EditRate: 25/1 (25.00)  Format: MONO
 └── Clip (1):  Start: 01:00:10:00  Len: 00:00:03:00  End: 01:00:13:00  SourceOffset: 00:00:00:00  Channels: 1
     └── SourceFile [ch 1]: "1000hz-18dbs16b44.1k.wav"
  

 AudioTrack[2] ::  EditRate: 25/1 (25.00)  Format: Unknwn

