
 ByteOrder            : Little-Endian (0x4949)
 LastModified         : 2024-01-14 17:23:52.00
 AAF ObjSpec Version  : 1.2
 ObjectModel Version  : 1
 Operational Pattern  : AAFOPDef_EditProtocol



 CompanyName          : Adobe
 ProductName          : Premiere Pro
 ProductVersion       : 23.5.0.0 AAFVersionUnknown (0)
 ProductVersionString : 23.5.0
 ProductID            : { 0x00000000 0x0000 0x0000 { 0x00 0x00 0x00 0x00 0x00 0x00 0x00 0x00 } }
 Date                 : 2024-01-14 17:23:52.00
 ToolkitVersion       : 1.2.0.0 AAFVersionBeta (4)
 Platform             : AAFSDK (Win64)
 GenerationAUID       : { 0x632775f4 0xdab5 0x4054 { 0x9e 0xc3 0x23 0x8e 0x87 0x93 0xd0 0x3e } }



 Composition Name            : PR_Audio_Levels

 TC EditRrate                : 25/1
 TC FPS                      : 25 NDF

 Composition Start (EU)      : 0
 Composition Start (samples) : 0
 Composition Start           : 00:00:00:00

 Composition End (EU)        : 273 (EditRate: 25/1)
 Composition End (samples)   : 240786
 Composition End             : 00:00:10:23

 Dominant Sample Rate        : 22050
 Dominant Sample Size        : 16 bits


Media Essences :
================

 Audio[1] :: Format: WAVE - 02 ch - 22050 Hz - 16 bits  Length: 0  Name: "stereo-identif.wav"  UniqueName: "stereo-identif.wav_1"
 ├── File: "file://si.francetv.fr/process_limo/SDG/Utilisateurs/Adrien%20GESTA-FLINE/prjcts_prs/libaaf/fullres/stereo-identif.wav"
 └── Metadata:
     - Name: "Take"   Text: ""
     - Name: "Scene"  Text: ""

 Audio[2] :: Format: WAVE - 02 ch - 22050 Hz - 16 bits  Length: 0  Name: "stereo-identif.wav"  UniqueName: "stereo-identif.wav"
 ├── File: "file://si.francetv.fr/process_limo/SDG/Utilisateurs/Adrien%20GESTA-FLINE/prjcts_prs/libaaf/fullres/stereo-identif.wav"
 └── Metadata:
     - Name: "Take"   Text: ""
     - Name: "Scene"  Text: ""

 Audio[3] :: Format: WAVE - 01 ch - 44100 Hz - 16 bits  Length: 0  Name: "1000hz-18dbs16b44.1k.wav"  UniqueName: "1000hz-18dbs16b44.1k.wav"
 ├── File: "file://si.francetv.fr/process_limo/SDG/Utilisateurs/Adrien%20GESTA-FLINE/prjcts_prs/libaaf/res/1000hz-18dbs16b44.1k.wav"
 └── Metadata:
     - Name: "Take"   Text: ""
     - Name: "Scene"  Text: ""


Tracks & Clips :
================

 VideoTrack[1] ::  EditRate: 25/1 (25.00)


 AudioTrack[1] ::  EditRate: 25/1 (25.00)  Format: MONO  Name: "Audio 1"
 ├── Clip (1):  Start: 0  Len: 42336  End: 42336  SourceOffset: 0  Channels: 1  Gain: +00.0 dB
 │   └── SourceFile [ch 1]: "1000hz-18dbs16b44.1k.wav"
 │
 ├── Clip (2):  Start: 66150  Len: 42336  End: 108486  SourceOffset: 0  Channels: 1  Gain: +06.0 dB
 │   └── SourceFile [ch 1]: "1000hz-18dbs16b44.1k.wav"
 │
 ├── Clip (3):  Start: 132300  Len: 42336  End: 174636  SourceOffset: 0  Channels: 1  Gain: +06.0 dB
 │   └── SourceFile [ch 1]: "1000hz-18dbs16b44.1k.wav"
 │
 └── Clip (4):  Start: 198450  Len: 42336  End: 240786  SourceOffset: 0  Channels: 1  VolumeAutomation: YES
     ├── SourceFile [ch 1]: "1000hz-18dbs16b44.1k.wav"
     └── Clip Volume Automation ──────────────────────
         _time: 0.062500   _value: 1.000000 (+00.0 dB)
         _time: 0.187500   _value: 0.021242 (-33.5 dB)
         _time: 0.312500   _value: 3.438090 (+10.7 dB)
         _time: 0.479167   _value: 0.021242 (-33.5 dB)
         _time: 0.625000   _value: 3.438090 (+10.7 dB)
         _time: 0.791667   _value: 0.010876 (-39.3 dB)
         _time: 0.916667   _value: 1.000000 (+00.0 dB)
  

 AudioTrack[2] ::  EditRate: 25/1 (25.00)  Format: STEREO  Name: "Audio 2"
 ├── Clip (1):  Start: 0  Len: 42336  End: 42336  SourceOffset: 0  Channels: 2  Gain: +00.0 dB
 │   ├── SourceFile [ch 1]: "stereo-identif.wav"
 │   └── SourceFile [ch 2]: "stereo-identif.wav_1"
 │
 ├── Clip (2):  Start: 66150  Len: 42336  End: 108486  SourceOffset: 0  Channels: 2  Gain: +06.0 dB
 │   ├── SourceFile [ch 1]: "stereo-identif.wav"
 │   └── SourceFile [ch 2]: "stereo-identif.wav_1"
 │
 ├── Clip (3):  Start: 132300  Len: 42336  End: 174636  SourceOffset: 0  Channels: 2  Gain: +06.0 dB
 │   ├── SourceFile [ch 1]: "stereo-identif.wav"
 │   └── SourceFile [ch 2]: "stereo-identif.wav_1"
 │
 └── Clip (4):  Start: 198450  Len: 42336  End: 240786  SourceOffset: 0  Channels: 2  VolumeAutomation: YES
     ├── SourceFile [ch 1]: "stereo-identif.wav"
     ├── SourceFile [ch 2]: "stereo-identif.wav_1"
     └── Clip Volume Automation ──────────────────────
         _time: 0.041667   _value: 1.425267 (+03.1 dB)
         _time: 0.166667   _value: 0.016402 (-35.7 dB)
         _time: 0.333333   _value: 5.280234 (+14.5 dB)
         _time: 0.500000   _value: 0.032006 (-29.9 dB)
         _time: 0.666667   _value: 4.652070 (+13.4 dB)
         _time: 0.812500   _value: 0.020971 (-33.6 dB)
         _time: 0.916667   _value: 1.425267 (+03.1 dB)
  

