
 ByteOrder            : Little-Endian (0x4949)
 LastModified         : 2024-11-27 17:28:42.00
 AAF ObjSpec Version  : 1.2
 ObjectModel Version  : 1
 Operational Pattern  : AAFOPDef_EditProtocol



 CompanyName          : Adobe
 ProductName          : Premiere Pro
 ProductVersion       : 23.5.0.0 AAFVersionUnknown (0)
 ProductVersionString : 23.5.0
 ProductID            : { 0x00000000 0x0000 0x0000 { 0x00 0x00 0x00 0x00 0x00 0x00 0x00 0x00 } }
 Date                 : 2024-11-27 17:28:42.00
 ToolkitVersion       : 1.2.0.0 AAFVersionBeta (4)
 Platform             : AAFSDK (Win64)
 GenerationAUID       : { 0xed9d9cf1 0x73d1 0x4f93 { 0x87 0x80 0xd8 0x33 0x9f 0xfa 0xba 0x3a } }



 Composition Name            : PR_Clip_length_beyond_EOF

 TC EditRrate                : 25/1
 TC FPS                      : 25 NDF

 Composition Start (EU)      : 0
 Composition Start (samples) : 0
 Composition Start           : 00:00:00:00

 Composition End (EU)        : 2 (EditRate: 25/1)
 Composition End (samples)   : 3840
 Composition End             : 00:00:00:02

 Dominant Sample Rate        : 48000
 Dominant Sample Size        : 16 bits


Media Essences :
================

 Audio[1] :: Format: WAVE - 01 ch - 48000 Hz - 16 bits  Length: 3792  Name: "1000hz-18dbs16b44.1k-79ms.wav"  UniqueName: "1000hz-18dbs16b44.1k-79ms.wav"
 ├── File: "EMBEDDED"
 └── Metadata:
     - Name: "Take"   Text: ""
     - Name: "Scene"  Text: ""


Tracks & Clips :
================

 VideoTrack[1] ::  EditRate: 25/1 (25.00)


 AudioTrack[1] ::  EditRate: 25/1 (25.00)  Format: MONO  Name: "Audio 1"
 └── Clip (1):  Start: 0  Len: 3840 (out of range !)  End: 3840  SourceOffset: 0  Channels: 1  Gain: +00.0 dB
     └── SourceFile [ch ALL]: "1000hz-18dbs16b44.1k-79ms.wav"
  

