
 ByteOrder            : Little-Endian (0x4949)
 LastModified         : 2024-01-13 16:18:30.00
 AAF ObjSpec Version  : 1.2
 ObjectModel Version  : 1
 Operational Pattern  : AAFOPDef_EditProtocol



 CompanyName          : Adobe
 ProductName          : Premiere Pro
 ProductVersion       : 23.5.0.0 AAFVersionUnknown (0)
 ProductVersionString : 23.5.0
 ProductID            : { 0x00000000 0x0000 0x0000 { 0x00 0x00 0x00 0x00 0x00 0x00 0x00 0x00 } }
 Date                 : 2024-01-13 16:18:30.00
 ToolkitVersion       : 1.2.0.0 AAFVersionBeta (4)
 Platform             : AAFSDK (Win64)
 GenerationAUID       : { 0x480e2ee6 0x3981 0x47ff { 0x93 0x36 0x10 0x47 0xd4 0x68 0x50 0x6a } }



 Composition Name            : PR_Fades

 TC EditRrate                : 30000/1001
 TC FPS                      : 30 DF

 Composition Start (EU)      : 0
 Composition Start (samples) : 0
 Composition Start           : 00:00:00;00

 Composition End (EU)        : 646 (EditRate: 30000/1001)
 Composition End (samples)   : 475284
 Composition End             : 00:00:21;16

 Dominant Sample Rate        : 22050
 Dominant Sample Size        : 16 bits


Media Essences :
================

 Audio[1] :: Format: WAVE - 02 ch - 22050 Hz - 16 bits  Length: 0  Name: "stereo-identif.wav"  UniqueName: "stereo-identif.wav_1"
 ├── File: "file://si.francetv.fr/process_limo/SDG/Utilisateurs/Adrien%20GESTA-FLINE/prjcts_prs/libaaf/fullres/stereo-identif.wav"
 └── Metadata:
     - Name: "Take"   Text: ""
     - Name: "Scene"  Text: ""

 Audio[2] :: Format: WAVE - 02 ch - 22050 Hz - 16 bits  Length: 0  Name: "stereo-identif.wav"  UniqueName: "stereo-identif.wav"
 ├── File: "file://si.francetv.fr/process_limo/SDG/Utilisateurs/Adrien%20GESTA-FLINE/prjcts_prs/libaaf/fullres/stereo-identif.wav"
 └── Metadata:
     - Name: "Take"   Text: ""
     - Name: "Scene"  Text: ""

 Audio[3] :: Format: WAVE - 01 ch - 44100 Hz - 16 bits  Length: 0  Name: "1000hz-18dbs16b44.1k.wav"  UniqueName: "1000hz-18dbs16b44.1k.wav"
 ├── File: "file://si.francetv.fr/process_limo/SDG/Utilisateurs/Adrien%20GESTA-FLINE/prjcts_prs/libaaf/res/1000hz-18dbs16b44.1k.wav"
 └── Metadata:
     - Name: "Take"   Text: ""
     - Name: "Scene"  Text: ""


Tracks & Clips :
================

 VideoTrack[1] ::  EditRate: 30000/1001 (29.97)


 AudioTrack[1] ::  EditRate: 30000/1001 (29.97)  Format: MONO  Name: "Audio 1"
 ├── Clip (1):  Start: 0  Len: 19129  End: 19129  SourceOffset: 19864  Channels: 1  Gain: +00.0 dB  FadeIn: CURV_LOG (2207)  FadeOut: CURV_LOG (2207)
 │   └── SourceFile [ch 1]: "1000hz-18dbs16b44.1k.wav"
 │
 ├── Clip (2):  Start: 110360  Len: 19129  End: 129489  SourceOffset: 19864  Channels: 1  Gain: +00.0 dB  FadeIn: CURV_LIN (2207)  FadeOut: CURV_LIN (2207)
 │   └── SourceFile [ch 1]: "1000hz-18dbs16b44.1k.wav"
 │
 ├── Clip (3):  Start: 220720  Len: 19129  End: 239849  SourceOffset: 19864  Channels: 1  Gain: +00.0 dB  FadeIn: CURV_PWR (2207)  FadeOut: CURV_PWR (2207)
 │   └── SourceFile [ch 1]: "1000hz-18dbs16b44.1k.wav"
 │
 ├── Clip (4):  Start: 331080  Len: 22807  End: 353888  SourceOffset: 19864  Channels: 1  Gain: +00.0 dB
 │   └── SourceFile [ch 1]: "1000hz-18dbs16b44.1k.wav"
 │
 ├── X-FADE: CURV_LOG  Length: 7357  CutPoint: 3678
 │
 ├── Clip (5):  Start: 346531  Len: 26486  End: 373017  SourceOffset: 16186  Channels: 1  Gain: +00.0 dB
 │   └── SourceFile [ch 1]: "1000hz-18dbs16b44.1k.wav"
 │
 ├── X-FADE: CURV_LIN  Length: 8093  CutPoint: 4414
 │
 ├── Clip (6):  Start: 364924  Len: 27222  End: 392146  SourceOffset: 15450  Channels: 1  Gain: +00.0 dB
 │   └── SourceFile [ch 1]: "1000hz-18dbs16b44.1k.wav"
 │
 ├── X-FADE: CURV_PWR  Length: 7357  CutPoint: 3678
 │
 └── Clip (7):  Start: 384789  Len: 22807  End: 407597  SourceOffset: 16186  Channels: 1  Gain: +00.0 dB
     └── SourceFile [ch 1]: "1000hz-18dbs16b44.1k.wav"
  

 AudioTrack[2] ::  EditRate: 30000/1001 (29.97)  Format: STEREO  Name: "Audio 2"
 ├── Clip (1):  Start: 0  Len: 42672  End: 42672  SourceOffset: 0  Channels: 2  Gain: +00.0 dB  FadeIn: CURV_LOG (7357)  FadeOut: CURV_LOG (7357)
 │   ├── SourceFile [ch 1]: "stereo-identif.wav"
 │   └── SourceFile [ch 2]: "stereo-identif.wav_1"
 │
 ├── Clip (2):  Start: 110360  Len: 42672  End: 153032  SourceOffset: 0  Channels: 2  Gain: +00.0 dB  FadeIn: CURV_LIN (7357)  FadeOut: CURV_LIN (7357)
 │   ├── SourceFile [ch 1]: "stereo-identif.wav"
 │   └── SourceFile [ch 2]: "stereo-identif.wav_1"
 │
 ├── Clip (3):  Start: 220720  Len: 42672  End: 263393  SourceOffset: 0  Channels: 2  Gain: +00.0 dB  FadeIn: CURV_PWR (7357)  FadeOut: CURV_PWR (7357)
 │   ├── SourceFile [ch 1]: "stereo-identif.wav"
 │   └── SourceFile [ch 2]: "stereo-identif.wav_1"
 │
 ├── Clip (4):  Start: 331080  Len: 41936  End: 373017  SourceOffset: 0  Channels: 2  Gain: +00.0 dB
 │   ├── SourceFile [ch 1]: "stereo-identif.wav"
 │   └── SourceFile [ch 2]: "stereo-identif.wav_1"
 │
 ├── X-FADE: CURV_LOG  Length: 7357  CutPoint: 3678
 │
 ├── Clip (5):  Start: 365660  Len: 41201  End: 406861  SourceOffset: 735  Channels: 2  Gain: +00.0 dB
 │   ├── SourceFile [ch 1]: "stereo-identif.wav"
 │   └── SourceFile [ch 2]: "stereo-identif.wav_1"
 │
 ├── X-FADE: CURV_LIN  Length: 7357  CutPoint: 3678
 │
 ├── Clip (6):  Start: 399504  Len: 41201  End: 440705  SourceOffset: 735  Channels: 2  Gain: +00.0 dB
 │   ├── SourceFile [ch 1]: "stereo-identif.wav"
 │   └── SourceFile [ch 2]: "stereo-identif.wav_1"
 │
 ├── X-FADE: CURV_PWR  Length: 7357  CutPoint: 3678
 │
 └── Clip (7):  Start: 433347  Len: 41936  End: 475284  SourceOffset: 735  Channels: 2  Gain: +00.0 dB
     ├── SourceFile [ch 1]: "stereo-identif.wav"
     └── SourceFile [ch 2]: "stereo-identif.wav_1"
  

