
 ByteOrder            : Little-Endian (0x4949)
 LastModified         : 2024-01-31 00:40:18.00
 AAF ObjSpec Version  : 1.1
 ObjectModel Version  : 1
 Operational Pattern  : AAFUID_NULL



 CompanyName          : Digidesign, Inc.
 ProductName          : ProTools
 ProductVersion       : 23.12.0.136 AAFVersionReleased (1)
 ProductVersionString : 23.12.0.136
 ProductID            : { 0x319414f6 0x5852 0x4050 { 0xa4 0xeb 0x98 0x1e 0x64 0x3f 0x33 0xa2 } }
 Date                 : 2024-01-31 00:40:12.00
 ToolkitVersion       : 1.1.6.0 AAFVersionBeta (4)
 Platform             : AAFSDK (Win64)
 GenerationAUID       : { 0x594bf1de 0x1223 0x43a7 { 0xba 0x5c 0xa3 0xd6 0x7a 0xd6 0xfe 0xc3 } }



 Composition Name            : PT_Fades

 TC EditRrate                : 30/1
 TC FPS                      : 30 NDF

 Composition Start (EU)      : 0
 Composition Start (samples) : 0
 Composition Start           : 00:00:00:00

 Composition End (EU)        : 1027 (EditRate: 30/1)
 Composition End (samples)   : 1509690
 Composition End             : 00:00:34:07

 Dominant Sample Rate        : 44100
 Dominant Sample Size        : 16 bits

 Metadata:
 - Name: "Comment"  Text: ""


Media Essences :
================

 Audio[1] :: Format: WAVE - 01 ch - 44100 Hz - 16 bits  Length: 1471  Name: "Sample accurate edit"  UniqueName: "Sample accurate edit_17"
 └── File: "file:///c%3a/Users/user/localshare/aaf/PT_FadespqbyCRZHfzdcVBBB.wav"

 Audio[2] :: Format: WAVE - 01 ch - 44100 Hz - 16 bits  Length: 1471  Name: "Sample accurate edit"  UniqueName: "Sample accurate edit_16"
 └── File: "file:///c%3a/Users/user/localshare/aaf/PT_FadeshffcCRZHmybcVBBB.wav"

 Audio[3] :: Format: WAVE - 01 ch - 44100 Hz - 16 bits  Length: 17641  Name: "Fade "  UniqueName: "Fade _8"
 └── File: "file:///c%3a/Users/user/localshare/aaf/PT_FadesdmywCRZHhwdcVBBB.wav"

 Audio[4] :: Format: WAVE - 01 ch - 44100 Hz - 16 bits  Length: 17641  Name: "Fade "  UniqueName: "Fade _7"
 └── File: "file:///c%3a/Users/user/localshare/aaf/PT_FadesvqbbCRZHmvbcVBBB.wav"

 Audio[5] :: Format: WAVE - 01 ch - 44100 Hz - 16 bits  Length: 1471  Name: "Sample accurate edit"  UniqueName: "Sample accurate edit_15"
 └── File: "file:///c%3a/Users/user/localshare/aaf/PT_FadesmpvvCRZHgrdcVBBB.wav"

 Audio[6] :: Format: WAVE - 01 ch - 44100 Hz - 16 bits  Length: 1471  Name: "Sample accurate edit"  UniqueName: "Sample accurate edit_14"
 └── File: "file:///c%3a/Users/user/localshare/aaf/PT_FadesvpyyBRZHqqbcVBBB.wav"

 Audio[7] :: Format: WAVE - 01 ch - 44100 Hz - 16 bits  Length: 14701  Name: "stereo-identif-03.R"  UniqueName: "stereo-identif-03.R"
 └── File: "file:///c%3a/Users/user/localshare/aaf/PT_FadesgxqsCRZHhmdcVBBB.wav"

 Audio[8] :: Format: WAVE - 01 ch - 44100 Hz - 16 bits  Length: 14701  Name: "stereo-identif-03.L"  UniqueName: "stereo-identif-03.L"
 └── File: "file:///c%3a/Users/user/localshare/aaf/PT_FadesfcwxBRZHrhbcVBBB.wav"

 Audio[9] :: Format: WAVE - 01 ch - 44100 Hz - 16 bits  Length: 1471  Name: "Sample accurate edit"  UniqueName: "Sample accurate edit_13"
 └── File: "file:///c%3a/Users/user/localshare/aaf/PT_FadeswhmrCRZHhfdcVBBB.wav"

 Audio[10] :: Format: WAVE - 01 ch - 44100 Hz - 16 bits  Length: 1471  Name: "Sample accurate edit"  UniqueName: "Sample accurate edit_12"
 └── File: "file:///c%3a/Users/user/localshare/aaf/PT_FadesqhrwBRZHrdbcVBBB.wav"

 Audio[11] :: Format: WAVE - 01 ch - 44100 Hz - 16 bits  Length: 33811  Name: "Fade "  UniqueName: "Fade _6"
 └── File: "file:///c%3a/Users/user/localshare/aaf/PT_FadeszbgqCRZHpbdcVBBB.wav"

 Audio[12] :: Format: WAVE - 01 ch - 44100 Hz - 16 bits  Length: 33811  Name: "Fade "  UniqueName: "Fade _5"
 └── File: "file:///c%3a/Users/user/localshare/aaf/PT_FadeswhmvBRZHqzzbVBBB.wav"

 Audio[13] :: Format: WAVE - 01 ch - 44100 Hz - 16 bits  Length: 1471  Name: "Sample accurate edit"  UniqueName: "Sample accurate edit_11"
 └── File: "file:///c%3a/Users/user/localshare/aaf/PT_FadeszmcpCRZHpxccVBBB.wav"

 Audio[14] :: Format: WAVE - 01 ch - 44100 Hz - 16 bits  Length: 1471  Name: "Sample accurate edit"  UniqueName: "Sample accurate edit_10"
 └── File: "file:///c%3a/Users/user/localshare/aaf/PT_FadesvxfsBRZHrwzbVBBB.wav"

 Audio[15] :: Format: WAVE - 01 ch - 44100 Hz - 16 bits  Length: 13231  Name: "stereo-identif-01.R"  UniqueName: "stereo-identif-01.R"
 └── File: "file:///c%3a/Users/user/localshare/aaf/PT_FadesxhyhCRZHmsccVBBB.wav"

 Audio[16] :: Format: WAVE - 01 ch - 44100 Hz - 16 bits  Length: 13231  Name: "stereo-identif-01.L"  UniqueName: "stereo-identif-01.L"
 └── File: "file:///c%3a/Users/user/localshare/aaf/PT_FadesvhcrBRZHrrzbVBBB.wav"

 Audio[17] :: Format: WAVE - 01 ch - 44100 Hz - 16 bits  Length: 1471  Name: "Sample accurate edit"  UniqueName: "Sample accurate edit_9"
 └── File: "file:///c%3a/Users/user/localshare/aaf/PT_FadesqbvgCRZHhpccVBBB.wav"

 Audio[18] :: Format: WAVE - 01 ch - 44100 Hz - 16 bits  Length: 1471  Name: "Sample accurate edit"  UniqueName: "Sample accurate edit_8"
 └── File: "file:///c%3a/Users/user/localshare/aaf/PT_FadesspzpBRZHvmzbVBBB.wav"

 Audio[19] :: Format: WAVE - 01 ch - 44100 Hz - 16 bits  Length: 16171  Name: "Fade "  UniqueName: "Fade _4"
 └── File: "file:///c%3a/Users/user/localshare/aaf/PT_FadesydqfCRZHggccVBBB.wav"

 Audio[20] :: Format: WAVE - 01 ch - 44100 Hz - 16 bits  Length: 16171  Name: "Fade "  UniqueName: "Fade _3"
 └── File: "file:///c%3a/Users/user/localshare/aaf/PT_FadesyhxmBRZHxfzbVBBB.wav"

 Audio[21] :: Format: WAVE - 01 ch - 44100 Hz - 16 bits  Length: 1471  Name: "Sample accurate edit"  UniqueName: "Sample accurate edit_7"
 └── File: "file:///c%3a/Users/user/localshare/aaf/PT_FadesyvhdCRZHhcccVBBB.wav"

 Audio[22] :: Format: WAVE - 01 ch - 44100 Hz - 16 bits  Length: 1471  Name: "Sample accurate edit"  UniqueName: "Sample accurate edit_6"
 └── File: "file:///c%3a/Users/user/localshare/aaf/PT_FadesrgvhBRZHzbzbVBBB.wav"

 Audio[23] :: Format: WAVE - 01 ch - 44100 Hz - 16 bits  Length: 1471  Name: "Sample accurate edit"  UniqueName: "Sample accurate edit_5"
 └── File: "file:///c%3a/Users/user/localshare/aaf/PT_FadesdfrgBRZHcyybVBBB.wav"

 Audio[24] :: Format: WAVE - 01 ch - 44100 Hz - 16 bits  Length: 20581  Name: "Fade "  UniqueName: "Fade _2"
 └── File: "file:///c%3a/Users/user/localshare/aaf/PT_FadeszqpfBRZHfvybVBBB.wav"

 Audio[25] :: Format: WAVE - 01 ch - 44100 Hz - 16 bits  Length: 1471  Name: "Sample accurate edit"  UniqueName: "Sample accurate edit_4"
 └── File: "file:///c%3a/Users/user/localshare/aaf/PT_FadeshqhdBRZHhqybVBBB.wav"

 Audio[26] :: Format: WAVE - 01 ch - 44100 Hz - 16 bits  Length: 83791  Name: "1000hz-18dbs16b44.1k"  UniqueName: "1000hz-18dbs16b44.1k"
 └── File: "file:///c%3a/Users/user/localshare/aaf/PT_FadeshpfcBRZHphybVBBB.wav"

 Audio[27] :: Format: WAVE - 01 ch - 44100 Hz - 16 bits  Length: 1471  Name: "Sample accurate edit"  UniqueName: "Sample accurate edit_3"
 └── File: "file:///c%3a/Users/user/localshare/aaf/PT_FadesfdcbBRZHqdybVBBB.wav"

 Audio[28] :: Format: WAVE - 01 ch - 44100 Hz - 16 bits  Length: 32341  Name: "Fade "  UniqueName: "Fade _1"
 └── File: "file:///c%3a/Users/user/localshare/aaf/PT_FadesqpyyZQZHqzxbVBBB.wav"

 Audio[29] :: Format: WAVE - 01 ch - 44100 Hz - 16 bits  Length: 1471  Name: "Sample accurate edit"  UniqueName: "Sample accurate edit_2"
 └── File: "file:///c%3a/Users/user/localshare/aaf/PT_FadeszwvxZQZHqwxbVBBB.wav"

 Audio[30] :: Format: WAVE - 01 ch - 44100 Hz - 16 bits  Length: 61741  Name: "1000hz-18dbs16b44.1k-01"  UniqueName: "1000hz-18dbs16b44.1k-01"
 └── File: "file:///c%3a/Users/user/localshare/aaf/PT_FadesffrwZQZHrrxbVBBB.wav"

 Audio[31] :: Format: WAVE - 01 ch - 44100 Hz - 16 bits  Length: 1471  Name: "Sample accurate edit"  UniqueName: "Sample accurate edit_1"
 └── File: "file:///c%3a/Users/user/localshare/aaf/PT_FadescsmvZQZHrmxbVBBB.wav"

 Audio[32] :: Format: WAVE - 01 ch - 44100 Hz - 16 bits  Length: 22051  Name: "Fade "  UniqueName: "Fade "
 └── File: "file:///c%3a/Users/user/localshare/aaf/PT_FadesxqgsZQZHvfxbVBBB.wav"

 Audio[33] :: Format: WAVE - 01 ch - 44100 Hz - 16 bits  Length: 1471  Name: "Sample accurate edit"  UniqueName: "Sample accurate edit"
 └── File: "file:///c%3a/Users/user/localshare/aaf/PT_FadeszfxqZQZHzzwbVBBB.wav"


Tracks & Clips :
================


 AudioTrack[1] ::  EditRate: 30/1 (30.00)  Format: MONO  Name: "Audio 1"
 ├── Clip (1):  Start: 1295070  Len: 1470  End: 1296540  SourceOffset: 0  Channels: 1
 │   └── SourceFile [ch 1]: "Sample accurate edit"
 │
 ├── Clip (2):  Start: 1296540  Len: 19110  End: 1315650  SourceOffset: 1470  Channels: 1
 │   └── SourceFile [ch 1]: "Fade "
 │
 ├── Clip (3):  Start: 1315650  Len: 1470  End: 1317120  SourceOffset: 0  Channels: 1
 │   └── SourceFile [ch 1]: "Sample accurate edit_1"
 │
 ├── Clip (4):  Start: 1317120  Len: 58800  End: 1375920  SourceOffset: 1470  Channels: 1
 │   └── SourceFile [ch 1]: "1000hz-18dbs16b44.1k-01"
 │
 ├── Clip (5):  Start: 1375920  Len: 1470  End: 1377390  SourceOffset: 0  Channels: 1
 │   └── SourceFile [ch 1]: "Sample accurate edit_2"
 │
 ├── Clip (6):  Start: 1377390  Len: 29400  End: 1406790  SourceOffset: 1470  Channels: 1
 │   └── SourceFile [ch 1]: "Fade _1"
 │
 ├── Clip (7):  Start: 1406790  Len: 1470  End: 1408260  SourceOffset: 0  Channels: 1
 │   └── SourceFile [ch 1]: "Sample accurate edit_3"
 │
 ├── Clip (8):  Start: 1408260  Len: 80850  End: 1489110  SourceOffset: 1470  Channels: 1
 │   └── SourceFile [ch 1]: "1000hz-18dbs16b44.1k"
 │
 ├── Clip (9):  Start: 1489110  Len: 1470  End: 1490580  SourceOffset: 0  Channels: 1
 │   └── SourceFile [ch 1]: "Sample accurate edit_4"
 │
 ├── Clip (10):  Start: 1490580  Len: 17640  End: 1508220  SourceOffset: 1470  Channels: 1
 │   └── SourceFile [ch 1]: "Fade _2"
 │
 └── Clip (11):  Start: 1508220  Len: 1470  End: 1509690  SourceOffset: 0  Channels: 1
     └── SourceFile [ch 1]: "Sample accurate edit_5"
  

 AudioTrack[2] ::  EditRate: 30/1 (30.00)  Format: STEREO  Name: "Audio 2"
 ├── Clip (1):  Start: 1347990  Len: 1470  End: 1349460  SourceOffset: 0  Channels: 2
 │   ├── SourceFile [ch 1]: "Sample accurate edit_6"
 │   └── SourceFile [ch 1]: "Sample accurate edit_7"
 │
 ├── Clip (2):  Start: 1349460  Len: 13230  End: 1362690  SourceOffset: 1470  Channels: 2
 │   ├── SourceFile [ch 1]: "Fade _3"
 │   └── SourceFile [ch 1]: "Fade _4"
 │
 ├── Clip (3):  Start: 1362690  Len: 1470  End: 1364160  SourceOffset: 0  Channels: 2
 │   ├── SourceFile [ch 1]: "Sample accurate edit_8"
 │   └── SourceFile [ch 1]: "Sample accurate edit_9"
 │
 ├── Clip (4):  Start: 1364160  Len: 10290  End: 1374450  SourceOffset: 1470  Channels: 2
 │   ├── SourceFile [ch 1]: "stereo-identif-01.L"
 │   └── SourceFile [ch 1]: "stereo-identif-01.R"
 │
 ├── Clip (5):  Start: 1374450  Len: 1470  End: 1375920  SourceOffset: 0  Channels: 2
 │   ├── SourceFile [ch 1]: "Sample accurate edit_10"
 │   └── SourceFile [ch 1]: "Sample accurate edit_11"
 │
 ├── Clip (6):  Start: 1375920  Len: 30870  End: 1406790  SourceOffset: 1470  Channels: 2
 │   ├── SourceFile [ch 1]: "Fade _5"
 │   └── SourceFile [ch 1]: "Fade _6"
 │
 ├── Clip (7):  Start: 1406790  Len: 1470  End: 1408260  SourceOffset: 0  Channels: 2
 │   ├── SourceFile [ch 1]: "Sample accurate edit_12"
 │   └── SourceFile [ch 1]: "Sample accurate edit_13"
 │
 ├── Clip (8):  Start: 1408260  Len: 11760  End: 1420020  SourceOffset: 1470  Channels: 2
 │   ├── SourceFile [ch 1]: "stereo-identif-03.L"
 │   └── SourceFile [ch 1]: "stereo-identif-03.R"
 │
 ├── Clip (9):  Start: 1420020  Len: 1470  End: 1421490  SourceOffset: 0  Channels: 2
 │   ├── SourceFile [ch 1]: "Sample accurate edit_14"
 │   └── SourceFile [ch 1]: "Sample accurate edit_15"
 │
 ├── Clip (10):  Start: 1421490  Len: 14700  End: 1436190  SourceOffset: 1470  Channels: 2
 │   ├── SourceFile [ch 1]: "Fade _7"
 │   └── SourceFile [ch 1]: "Fade _8"
 │
 └── Clip (11):  Start: 1436190  Len: 1470  End: 1437660  SourceOffset: 0  Channels: 2
     ├── SourceFile [ch 1]: "Sample accurate edit_16"
     └── SourceFile [ch 1]: "Sample accurate edit_17"
  

