
 ByteOrder            : Little-Endian (0x4949)
 LastModified         : 2024-01-31 00:50:07.00
 AAF ObjSpec Version  : 1.1
 ObjectModel Version  : 1
 Operational Pattern  : AAFUID_NULL



 CompanyName          : Digidesign, Inc.
 ProductName          : ProTools
 ProductVersion       : 23.12.0.136 AAFVersionReleased (1)
 ProductVersionString : 23.12.0.136
 ProductID            : { 0x319414f6 0x5852 0x4050 { 0xa4 0xeb 0x98 0x1e 0x64 0x3f 0x33 0xa2 } }
 Date                 : 2024-01-31 00:50:03.00
 ToolkitVersion       : 1.1.6.0 AAFVersionBeta (4)
 Platform             : AAFSDK (Win64)
 GenerationAUID       : { 0x9ddb35dd 0x8d16 0x40a7 { 0x84 0x6c 0x63 0x47 0x20 0xca 0xdb 0x94 } }



 Composition Name            : PT_Fades

 TC EditRrate                : 30/1
 TC FPS                      : 30 NDF

 Composition Start (EU)      : 0
 Composition Start (samples) : 0
 Composition Start           : 00:00:00:00

 Composition End (EU)        : 1027 (EditRate: 30/1)
 Composition End (samples)   : 1509690
 Composition End             : 00:00:34:07

 Dominant Sample Rate        : 44100
 Dominant Sample Size        : 16 bits

 Metadata:
 - Name: "Comment"  Text: ""


Media Essences :
================

 Audio[1] :: Format: WAVE - 01 ch - 44100 Hz - 16 bits  Length: 1471  Name: "Sample accurate edit"  UniqueName: "Sample accurate edit_17"
 └── File: "file:///c%3a/Users/user/localshare/aaf/PT_FadesrcpqJBHJzpzbJCBB.wav"

 Audio[2] :: Format: WAVE - 01 ch - 44100 Hz - 16 bits  Length: 1471  Name: "Sample accurate edit"  UniqueName: "Sample accurate edit_16"
 └── File: "file:///c%3a/Users/user/localshare/aaf/PT_FadesvpwvHBHJqpxbJCBB.wav"

 Audio[3] :: Format: WAVE - 01 ch - 44100 Hz - 16 bits  Length: 17641  Name: "Fade "  UniqueName: "Fade _8"
 └── File: "file:///c%3a/Users/user/localshare/aaf/PT_FadesmchpJBHJchzbJCBB.wav"

 Audio[4] :: Format: WAVE - 01 ch - 44100 Hz - 16 bits  Length: 17641  Name: "Fade "  UniqueName: "Fade _7"
 └── File: "file:///c%3a/Users/user/localshare/aaf/PT_FadeszwrsHBHJqgxbJCBB.wav"

 Audio[5] :: Format: WAVE - 01 ch - 44100 Hz - 16 bits  Length: 1471  Name: "Sample accurate edit"  UniqueName: "Sample accurate edit_15"
 └── File: "file:///c%3a/Users/user/localshare/aaf/PT_FadesgycmJBHJbdzbJCBB.wav"

 Audio[6] :: Format: WAVE - 01 ch - 44100 Hz - 16 bits  Length: 1471  Name: "Sample accurate edit"  UniqueName: "Sample accurate edit_14"
 └── File: "file:///c%3a/Users/user/localshare/aaf/PT_FadeshrprHBHJscxbJCBB.wav"

 Audio[7] :: Format: WAVE - 01 ch - 44100 Hz - 16 bits  Length: 74971  Name: "stereo-identif-03.R"  UniqueName: "stereo-identif-03.R"
 └── File: "file:///c%3a/Users/user/localshare/aaf/PT_FadesgrzgJBHJczybJCBB.wav"

 Audio[8] :: Format: WAVE - 01 ch - 44100 Hz - 16 bits  Length: 74971  Name: "stereo-identif-03.L"  UniqueName: "stereo-identif-03.L"
 └── File: "file:///c%3a/Users/user/localshare/aaf/PT_FadeswzgqHBHJsywbJCBB.wav"

 Audio[9] :: Format: WAVE - 01 ch - 44100 Hz - 16 bits  Length: 1471  Name: "Sample accurate edit"  UniqueName: "Sample accurate edit_13"
 └── File: "file:///c%3a/Users/user/localshare/aaf/PT_FadesvhwfJBHJbwybJCBB.wav"

 Audio[10] :: Format: WAVE - 01 ch - 44100 Hz - 16 bits  Length: 1471  Name: "Sample accurate edit"  UniqueName: "Sample accurate edit_12"
 └── File: "file:///c%3a/Users/user/localshare/aaf/PT_FadeswvcpHBHJrvwbJCBB.wav"

 Audio[11] :: Format: WAVE - 01 ch - 44100 Hz - 16 bits  Length: 33811  Name: "Fade "  UniqueName: "Fade _6"
 └── File: "file:///c%3a/Users/user/localshare/aaf/PT_FadesvfsdJBHJcrybJCBB.wav"

 Audio[12] :: Format: WAVE - 01 ch - 44100 Hz - 16 bits  Length: 33811  Name: "Fade "  UniqueName: "Fade _5"
 └── File: "file:///c%3a/Users/user/localshare/aaf/PT_FadesgvyhHBHJqqwbJCBB.wav"

 Audio[13] :: Format: WAVE - 01 ch - 44100 Hz - 16 bits  Length: 1471  Name: "Sample accurate edit"  UniqueName: "Sample accurate edit_11"
 └── File: "file:///c%3a/Users/user/localshare/aaf/PT_FadesycqcJBHJfmybJCBB.wav"

 Audio[14] :: Format: WAVE - 01 ch - 44100 Hz - 16 bits  Length: 1471  Name: "Sample accurate edit"  UniqueName: "Sample accurate edit_10"
 └── File: "file:///c%3a/Users/user/localshare/aaf/PT_FadesvgwgHBHJrhwbJCBB.wav"

 Audio[15] :: Format: WAVE - 01 ch - 44100 Hz - 16 bits  Length: 72031  Name: "stereo-identif-01.R"  UniqueName: "stereo-identif-01.R"
 └── File: "file:///c%3a/Users/user/localshare/aaf/PT_FadesdgmbJBHJhfybJCBB.wav"

 Audio[16] :: Format: WAVE - 01 ch - 44100 Hz - 16 bits  Length: 72031  Name: "stereo-identif-01.L"  UniqueName: "stereo-identif-01.L"
 └── File: "file:///c%3a/Users/user/localshare/aaf/PT_FadesxmrfHBHJrdwbJCBB.wav"

 Audio[17] :: Format: WAVE - 01 ch - 44100 Hz - 16 bits  Length: 1471  Name: "Sample accurate edit"  UniqueName: "Sample accurate edit_9"
 └── File: "file:///c%3a/Users/user/localshare/aaf/PT_FadesvffzHBHJgbybJCBB.wav"

 Audio[18] :: Format: WAVE - 01 ch - 44100 Hz - 16 bits  Length: 1471  Name: "Sample accurate edit"  UniqueName: "Sample accurate edit_8"
 └── File: "file:///c%3a/Users/user/localshare/aaf/PT_FadespbpdHBHJszvbJCBB.wav"

 Audio[19] :: Format: WAVE - 01 ch - 44100 Hz - 16 bits  Length: 16171  Name: "Fade "  UniqueName: "Fade _4"
 └── File: "file:///c%3a/Users/user/localshare/aaf/PT_FadespfcyHBHJmxxbJCBB.wav"

 Audio[20] :: Format: WAVE - 01 ch - 44100 Hz - 16 bits  Length: 16171  Name: "Fade "  UniqueName: "Fade _3"
 └── File: "file:///c%3a/Users/user/localshare/aaf/PT_FadescqgcHBHJswvbJCBB.wav"

 Audio[21] :: Format: WAVE - 01 ch - 44100 Hz - 16 bits  Length: 1471  Name: "Sample accurate edit"  UniqueName: "Sample accurate edit_7"
 └── File: "file:///c%3a/Users/user/localshare/aaf/PT_FadesswywHBHJpsxbJCBB.wav"

 Audio[22] :: Format: WAVE - 01 ch - 44100 Hz - 16 bits  Length: 1471  Name: "Sample accurate edit"  UniqueName: "Sample accurate edit_6"
 └── File: "file:///c%3a/Users/user/localshare/aaf/PT_FadescpdbHBHJwrvbJCBB.wav"

 Audio[23] :: Format: WAVE - 01 ch - 44100 Hz - 16 bits  Length: 1471  Name: "Sample accurate edit"  UniqueName: "Sample accurate edit_5"
 └── File: "file:///c%3a/Users/user/localshare/aaf/PT_FadeszwzyFBHJwmvbJCBB.wav"

 Audio[24] :: Format: WAVE - 01 ch - 44100 Hz - 16 bits  Length: 20581  Name: "Fade "  UniqueName: "Fade _2"
 └── File: "file:///c%3a/Users/user/localshare/aaf/PT_FadescyxxFBHJyfvbJCBB.wav"

 Audio[25] :: Format: WAVE - 01 ch - 44100 Hz - 16 bits  Length: 1471  Name: "Sample accurate edit"  UniqueName: "Sample accurate edit_4"
 └── File: "file:///c%3a/Users/user/localshare/aaf/PT_FadesdcvwFBHJybvbJCBB.wav"

 Audio[26] :: Format: WAVE - 01 ch - 44100 Hz - 16 bits  Length: 133771  Name: "1000hz-18dbs16b44.1k"  UniqueName: "1000hz-18dbs16b44.1k"
 └── File: "file:///c%3a/Users/user/localshare/aaf/PT_FadesbzqvFBHJbysbJCBB.wav"

 Audio[27] :: Format: WAVE - 01 ch - 44100 Hz - 16 bits  Length: 1471  Name: "Sample accurate edit"  UniqueName: "Sample accurate edit_3"
 └── File: "file:///c%3a/Users/user/localshare/aaf/PT_FadesqmmsFBHJbvsbJCBB.wav"

 Audio[28] :: Format: WAVE - 01 ch - 44100 Hz - 16 bits  Length: 32341  Name: "Fade "  UniqueName: "Fade _1"
 └── File: "file:///c%3a/Users/user/localshare/aaf/PT_FadesmmgrFBHJdqsbJCBB.wav"

 Audio[29] :: Format: WAVE - 01 ch - 44100 Hz - 16 bits  Length: 1471  Name: "Sample accurate edit"  UniqueName: "Sample accurate edit_2"
 └── File: "file:///c%3a/Users/user/localshare/aaf/PT_FadesqvcqFBHJfhsbJCBB.wav"

 Audio[30] :: Format: WAVE - 01 ch - 44100 Hz - 16 bits  Length: 126421  Name: "1000hz-18dbs16b44.1k-01"  UniqueName: "1000hz-18dbs16b44.1k-01"
 └── File: "file:///c%3a/Users/user/localshare/aaf/PT_FadespszmFBHJgdsbJCBB.wav"

 Audio[31] :: Format: WAVE - 01 ch - 44100 Hz - 16 bits  Length: 1471  Name: "Sample accurate edit"  UniqueName: "Sample accurate edit_1"
 └── File: "file:///c%3a/Users/user/localshare/aaf/PT_FadespwwhFBHJgzrbJCBB.wav"

 Audio[32] :: Format: WAVE - 01 ch - 44100 Hz - 16 bits  Length: 22051  Name: "Fade "  UniqueName: "Fade "
 └── File: "file:///c%3a/Users/user/localshare/aaf/PT_FadesdfsgFBHJgwrbJCBB.wav"

 Audio[33] :: Format: WAVE - 01 ch - 44100 Hz - 16 bits  Length: 1471  Name: "Sample accurate edit"  UniqueName: "Sample accurate edit"
 └── File: "file:///c%3a/Users/user/localshare/aaf/PT_FadesppgfFBHJxqrbJCBB.wav"


Tracks & Clips :
================


 AudioTrack[1] ::  EditRate: 30/1 (30.00)  Format: MONO  Name: "Audio 1"
 ├── Clip (1):  Start: 1295070  Len: 22050  End: 1317120  SourceOffset: 0  Channels: 1
 │   └── SourceFile [ch 1]: "Fade "
 │
 ├── Clip (2):  Start: 1317120  Len: 60270  End: 1377390  SourceOffset: 22050  Channels: 1
 │   └── SourceFile [ch 1]: "1000hz-18dbs16b44.1k-01"
 │
 ├── Clip (3):  Start: 1377390  Len: 30870  End: 1408260  SourceOffset: 1470  Channels: 1
 │   └── SourceFile [ch 1]: "Fade _1"
 │
 ├── Clip (4):  Start: 1408260  Len: 82320  End: 1490580  SourceOffset: 32340  Channels: 1
 │   └── SourceFile [ch 1]: "1000hz-18dbs16b44.1k"
 │
 └── Clip (5):  Start: 1490580  Len: 19110  End: 1509690  SourceOffset: 1470  Channels: 1
     └── SourceFile [ch 1]: "Fade _2"
  

 AudioTrack[2] ::  EditRate: 30/1 (30.00)  Format: STEREO  Name: "Audio 2"
 ├── Clip (1):  Start: 1347990  Len: 16170  End: 1364160  SourceOffset: 0  Channels: 2
 │   ├── SourceFile [ch 1]: "Fade _3"
 │   └── SourceFile [ch 1]: "Fade _4"
 │
 ├── Clip (2):  Start: 1364160  Len: 11760  End: 1375920  SourceOffset: 16170  Channels: 2
 │   ├── SourceFile [ch 1]: "stereo-identif-01.L"
 │   └── SourceFile [ch 1]: "stereo-identif-01.R"
 │
 ├── Clip (3):  Start: 1375920  Len: 32340  End: 1408260  SourceOffset: 1470  Channels: 2
 │   ├── SourceFile [ch 1]: "Fade _5"
 │   └── SourceFile [ch 1]: "Fade _6"
 │
 ├── Clip (4):  Start: 1408260  Len: 13230  End: 1421490  SourceOffset: 45570  Channels: 2
 │   ├── SourceFile [ch 1]: "stereo-identif-03.L"
 │   └── SourceFile [ch 1]: "stereo-identif-03.R"
 │
 └── Clip (5):  Start: 1421490  Len: 16170  End: 1437660  SourceOffset: 1470  Channels: 2
     ├── SourceFile [ch 1]: "Fade _7"
     └── SourceFile [ch 1]: "Fade _8"
  

