
 ByteOrder            : Little-Endian (0x4949)
 LastModified         : 2024-01-09 15:33:16.00
 AAF ObjSpec Version  : 1.1
 ObjectModel Version  : 1
 Operational Pattern  : AAFUID_NULL



 CompanyName          : Digidesign, Inc.
 ProductName          : ProTools
 ProductVersion       : 23.12.0.136 AAFVersionReleased (1)
 ProductVersionString : 23.12.0.136
 ProductID            : { 0x319414f6 0x5852 0x4050 { 0xa4 0xeb 0x98 0x1e 0x64 0x3f 0x33 0xa2 } }
 Date                 : 2024-01-09 15:32:58.00
 ToolkitVersion       : 1.1.6.0 AAFVersionBeta (4)
 Platform             : AAFSDK (Win64)
 GenerationAUID       : { 0x7936189a 0xe324 0x41ec { 0xac 0x9d 0xbf 0x3c 0x29 0xca 0x77 0xc9 } }



 Composition Name            : PT_MXF_External

 TC EditRrate                : 30/1
 TC FPS                      : 30 NDF

 Composition Start (EU)      : 0
 Composition Start (samples) : 0
 Composition Start           : 00:00:00:00

 Composition End (EU)        : 108060 (EditRate: 30/1)
 Composition End (samples)   : 158848200
 Composition End             : 01:00:02:00

 Dominant Sample Rate        : 44100
 Dominant Sample Size        : 16 bits

 UserComments :
   [0]  Name: "Comment"   Text: ""


Media Essences :
================

   0:  Type: PCM   Length: 132301  01 Ch - 44100 Hz - 16 bits  file: file:///c%3a/Users/user/Desktop/LibAAFTestFiles/tmp/PT_MXF_ExtezdxyVYMTxgrsWRHR.mxf  file_name: PT_MXF_ExtepwwsVYMTxgrsYBFR-01


Tracks & Clips :
================

Track  (1) - MONO   - Gain: none     - Pan: none    - edit_rate: 30/1 (30.00)  -  "Audio 1"
 Clip:0    Channel: 1  Gain: none             GainAuto: none  Start: 158804100  Len: 44100  End: 158848200  SrcOffset: 44100
   SourceFile: [ch 1] PT_MXF_ExtepwwsVYMTxgrsYBFR-01   (PT_MXF_ExtepwwsVYMTxgrsYBFR-01)




