
 ByteOrder            : Little-Endian (0x4949)
 LastModified         : 2024-01-09 21:32:38.00
 AAF ObjSpec Version  : 1.1
 ObjectModel Version  : 1
 Operational Pattern  : AAFUID_NULL



 CompanyName          : Digidesign, Inc.
 ProductName          : ProTools
 ProductVersion       : 23.12.0.136 AAFVersionReleased (1)
 ProductVersionString : 23.12.0.136
 ProductID            : { 0x319414f6 0x5852 0x4050 { 0xa4 0xeb 0x98 0x1e 0x64 0x3f 0x33 0xa2 } }
 Date                 : 2024-01-09 21:32:33.00
 ToolkitVersion       : 1.1.6.0 AAFVersionBeta (4)
 Platform             : AAFSDK (Win64)
 GenerationAUID       : { 0x5ac0a449 0xd450 0x4338 { 0xbd 0x5d 0x0d 0xaf 0xe8 0x88 0xe3 0xf1 } }



 Composition Name            : PT_Multichannel_7.1_multi_source

 TC EditRrate                : 30/1
 TC FPS                      : 30 NDF

 Composition Start (EU)      : 0
 Composition Start (samples) : 0
 Composition Start           : 00:00:00:00

 Composition End (EU)        : 9323 (EditRate: 30/1)
 Composition End (samples)   : 13704810
 Composition End             : 00:05:10:23

 Dominant Sample Rate        : 44100
 Dominant Sample Size        : 16 bits

 Metadata:
 - Name: "Comment"  Text: ""


Media Essences :
================

 Audio[1] :: Format: WAVE - 01 ch - 44100 Hz - 16 bits  Length: 1471  Name: "Sample accurate edit"  UniqueName: "Sample accurate edit_7"
 └── File: "file:///c%3a/Users/user/Desktop/LibAAFTestFiles/tmp/PT_Multichannel_7.1_multi_source/PT_MultichabbdvJMHRfxfcVQBB.wav"

 Audio[2] :: Format: WAVE - 01 ch - 44100 Hz - 16 bits  Length: 1471  Name: "Sample accurate edit"  UniqueName: "Sample accurate edit_6"
 └── File: "file:///c%3a/Users/user/Desktop/LibAAFTestFiles/tmp/PT_Multichannel_7.1_multi_source/PT_MultichahdwqJMHRdpfcVQBB.wav"

 Audio[3] :: Format: WAVE - 01 ch - 44100 Hz - 16 bits  Length: 1471  Name: "Sample accurate edit"  UniqueName: "Sample accurate edit_5"
 └── File: "file:///c%3a/Users/user/Desktop/LibAAFTestFiles/tmp/PT_Multichannel_7.1_multi_source/PT_MultichaqppmJMHRgcfcVQBB.wav"

 Audio[4] :: Format: WAVE - 01 ch - 44100 Hz - 16 bits  Length: 1471  Name: "Sample accurate edit"  UniqueName: "Sample accurate edit_4"
 └── File: "file:///c%3a/Users/user/Desktop/LibAAFTestFiles/tmp/PT_Multichannel_7.1_multi_source/PT_MultichacmfgJMHRqvdcVQBB.wav"

 Audio[5] :: Format: WAVE - 01 ch - 44100 Hz - 16 bits  Length: 1471  Name: "Sample accurate edit"  UniqueName: "Sample accurate edit_3"
 └── File: "file:///c%3a/Users/user/Desktop/LibAAFTestFiles/tmp/PT_Multichannel_7.1_multi_source/PT_MultichamsycJMHRshdcVQBB.wav"

 Audio[6] :: Format: WAVE - 01 ch - 44100 Hz - 16 bits  Length: 1471  Name: "Sample accurate edit"  UniqueName: "Sample accurate edit_2"
 └── File: "file:///c%3a/Users/user/Desktop/LibAAFTestFiles/tmp/PT_Multichannel_7.1_multi_source/PT_MultichabzrzHMHRwzccVQBB.wav"

 Audio[7] :: Format: WAVE - 01 ch - 44100 Hz - 16 bits  Length: 1471  Name: "Sample accurate edit"  UniqueName: "Sample accurate edit_1"
 └── File: "file:///c%3a/Users/user/Desktop/LibAAFTestFiles/tmp/PT_Multichannel_7.1_multi_source/PT_MultichawggxHMHRwrccVQBB.wav"

 Audio[8] :: Format: WAVE - 01 ch - 44100 Hz - 16 bits  Length: 1471  Name: "Sample accurate edit"  UniqueName: "Sample accurate edit"
 └── File: "file:///c%3a/Users/user/Desktop/LibAAFTestFiles/tmp/PT_Multichannel_7.1_multi_source/PT_MultichabhzsHMHRxfccVQBB.wav"

 Audio[9] :: Format: WAVE - 01 ch - 44100 Hz - 16 bits  Length: 482161  Name: "7.1-SMPTE-channel-identif.1-01.LFE"  UniqueName: "7.1-SMPTE-channel-identif.1-01.LFE"
 └── File: "file:///c%3a/Users/user/Desktop/LibAAFTestFiles/tmp/PT_Multichannel_7.1_multi_source/PT_MultichaxrzrJMHRgsfcVQBB.wav"

 Audio[10] :: Format: WAVE - 01 ch - 44100 Hz - 16 bits  Length: 482161  Name: "7.1-SMPTE-channel-identif.1-01.Rs"  UniqueName: "7.1-SMPTE-channel-identif.1-01.Rs"
 └── File: "file:///c%3a/Users/user/Desktop/LibAAFTestFiles/tmp/PT_Multichannel_7.1_multi_source/PT_MultichaqprpJMHRdgfcVQBB.wav"

 Audio[11] :: Format: WAVE - 01 ch - 44100 Hz - 16 bits  Length: 482161  Name: "7.1-SMPTE-channel-identif.1-01.Ls"  UniqueName: "7.1-SMPTE-channel-identif.1-01.Ls"
 └── File: "file:///c%3a/Users/user/Desktop/LibAAFTestFiles/tmp/PT_Multichannel_7.1_multi_source/PT_MultichaychhJMHRhydcVQBB.wav"

 Audio[12] :: Format: WAVE - 01 ch - 44100 Hz - 16 bits  Length: 482161  Name: "7.1-SMPTE-channel-identif.1-01.R"  UniqueName: "7.1-SMPTE-channel-identif.1-01.R"
 └── File: "file:///c%3a/Users/user/Desktop/LibAAFTestFiles/tmp/PT_Multichannel_7.1_multi_source/PT_MultichafwbfJMHRqqdcVQBB.wav"

 Audio[13] :: Format: WAVE - 01 ch - 44100 Hz - 16 bits  Length: 482161  Name: "7.1-SMPTE-channel-identif.1-01.Rc"  UniqueName: "7.1-SMPTE-channel-identif.1-01.Rc"
 └── File: "file:///c%3a/Users/user/Desktop/LibAAFTestFiles/tmp/PT_Multichannel_7.1_multi_source/PT_MultichawzvbJMHRsddcVQBB.wav"

 Audio[14] :: Format: WAVE - 01 ch - 44100 Hz - 16 bits  Length: 482161  Name: "7.1-SMPTE-channel-identif.1-01.C"  UniqueName: "7.1-SMPTE-channel-identif.1-01.C"
 └── File: "file:///c%3a/Users/user/Desktop/LibAAFTestFiles/tmp/PT_Multichannel_7.1_multi_source/PT_MultichawrmyHMHRswccVQBB.wav"

 Audio[15] :: Format: WAVE - 01 ch - 44100 Hz - 16 bits  Length: 482161  Name: "7.1-SMPTE-channel-identif.1-01.Lc"  UniqueName: "7.1-SMPTE-channel-identif.1-01.Lc"
 └── File: "file:///c%3a/Users/user/Desktop/LibAAFTestFiles/tmp/PT_Multichannel_7.1_multi_source/PT_MultichabxcwHMHRwmccVQBB.wav"

 Audio[16] :: Format: WAVE - 01 ch - 44100 Hz - 16 bits  Length: 482161  Name: "7.1-SMPTE-channel-identif.1-01.L"  UniqueName: "7.1-SMPTE-channel-identif.1-01.L"
 └── File: "file:///c%3a/Users/user/Desktop/LibAAFTestFiles/tmp/PT_Multichannel_7.1_multi_source/PT_MultichaypsrHMHRqbccVQBB.wav"


Tracks & Clips :
================


 AudioTrack[1] ::  EditRate: 30/1 (30.00)  Format: 7.1  Name: "Audio 1"
 └── Clip (1):  Start: 13230000  Len: 474810  End: 13704810  SourceOffset: 4410  Channels: 8
     ├── SourceFile [ch 1]: "7.1-SMPTE-channel-identif.1-01.L"
     ├── SourceFile [ch 1]: "7.1-SMPTE-channel-identif.1-01.Lc"
     ├── SourceFile [ch 1]: "7.1-SMPTE-channel-identif.1-01.C"
     ├── SourceFile [ch 1]: "7.1-SMPTE-channel-identif.1-01.Rc"
     ├── SourceFile [ch 1]: "7.1-SMPTE-channel-identif.1-01.R"
     ├── SourceFile [ch 1]: "7.1-SMPTE-channel-identif.1-01.Ls"
     ├── SourceFile [ch 1]: "7.1-SMPTE-channel-identif.1-01.Rs"
     └── SourceFile [ch 1]: "7.1-SMPTE-channel-identif.1-01.LFE"
  

