
 ByteOrder            : Little-Endian (0x4949)
 LastModified         : 2024-01-09 21:05:59.00
 AAF ObjSpec Version  : 1.1
 ObjectModel Version  : 1
 Operational Pattern  : AAFUID_NULL



 CompanyName          : Digidesign, Inc.
 ProductName          : ProTools
 ProductVersion       : 23.12.0.136 AAFVersionReleased (1)
 ProductVersionString : 23.12.0.136
 ProductID            : { 0x319414f6 0x5852 0x4050 { 0xa4 0xeb 0x98 0x1e 0x64 0x3f 0x33 0xa2 } }
 Date                 : 2024-01-09 21:05:52.00
 ToolkitVersion       : 1.1.6.0 AAFVersionBeta (4)
 Platform             : AAFSDK (Win64)
 GenerationAUID       : { 0x94b69ba8 0x52ab 0x48a9 { 0x9e 0x70 0x81 0x56 0xd4 0x57 0x4e 0x01 } }



 Composition Name            : PT_Multichannel_5.1_multi_source

 TC EditRrate                : 30/1
 TC FPS                      : 30 NDF

 Composition Start (EU)      : 0
 Composition Start (samples) : 0
 Composition Start           : 00:00:00:00

 Composition End (EU)        : 9210 (EditRate: 30/1)
 Composition End (samples)   : 9824000
 Composition End             : 00:05:07:00

 Dominant Sample Rate        : 32000
 Dominant Sample Size        : 16 bits

 Metadata:
 - Name: "Comment"  Text: ""


Media Essences :
================

 Audio[1] :: Format: WAVE - 01 ch - 32000 Hz - 16 bits  Length: 1067  Name: "Sample accurate edit"  UniqueName: "Sample accurate edit_5"
 └── File: "file:///c%3a/Users/user/Desktop/LibAAFTestFiles/tmp/PT_Multichannel_5.1_multi_source/PT_MultichapxmrVWSQqrssFPBB.wav"

 Audio[2] :: Format: WAVE - 01 ch - 32000 Hz - 16 bits  Length: 1067  Name: "Sample accurate edit"  UniqueName: "Sample accurate edit_4"
 └── File: "file:///c%3a/Users/user/Desktop/LibAAFTestFiles/tmp/PT_Multichannel_5.1_multi_source/PT_MultichaxrqhVWSQqzrsFPBB.wav"

 Audio[3] :: Format: WAVE - 01 ch - 32000 Hz - 16 bits  Length: 1067  Name: "Sample accurate edit"  UniqueName: "Sample accurate edit_3"
 └── File: "file:///c%3a/Users/user/Desktop/LibAAFTestFiles/tmp/PT_Multichannel_5.1_multi_source/PT_MultichargmdVWSQqprsFPBB.wav"

 Audio[4] :: Format: WAVE - 01 ch - 32000 Hz - 16 bits  Length: 1067  Name: "Sample accurate edit"  UniqueName: "Sample accurate edit_2"
 └── File: "file:///c%3a/Users/user/Desktop/LibAAFTestFiles/tmp/PT_Multichannel_5.1_multi_source/PT_MultichasrsyTWSQzxqsFPBB.wav"

 Audio[5] :: Format: WAVE - 01 ch - 32000 Hz - 16 bits  Length: 1067  Name: "Sample accurate edit"  UniqueName: "Sample accurate edit_1"
 └── File: "file:///c%3a/Users/user/Desktop/LibAAFTestFiles/tmp/PT_Multichannel_5.1_multi_source/PT_MultichaycrvTWSQbmqsFPBB.wav"

 Audio[6] :: Format: WAVE - 01 ch - 32000 Hz - 16 bits  Length: 1067  Name: "Sample accurate edit"  UniqueName: "Sample accurate edit"
 └── File: "file:///c%3a/Users/user/Desktop/LibAAFTestFiles/tmp/PT_Multichannel_5.1_multi_source/PT_MultichavvmqTWSQzxpsFPBB.wav"

 Audio[7] :: Format: WAVE - 01 ch - 32000 Hz - 16 bits  Length: 227201  Name: "5.1-SMPTE-channel-identif-02.LFE"  UniqueName: "5.1-SMPTE-channel-identif-02.LFE"
 └── File: "file:///c%3a/Users/user/Desktop/LibAAFTestFiles/tmp/PT_Multichannel_5.1_multi_source/PT_MultichadhmpVWSQhgssFPBB.wav"

 Audio[8] :: Format: WAVE - 01 ch - 32000 Hz - 16 bits  Length: 227201  Name: "5.1-SMPTE-channel-identif-02.Rs"  UniqueName: "5.1-SMPTE-channel-identif-02.Rs"
 └── File: "file:///c%3a/Users/user/Desktop/LibAAFTestFiles/tmp/PT_Multichannel_5.1_multi_source/PT_MultichazrrfVWSQrsrsFPBB.wav"

 Audio[9] :: Format: WAVE - 01 ch - 32000 Hz - 16 bits  Length: 227201  Name: "5.1-SMPTE-channel-identif-02.Ls"  UniqueName: "5.1-SMPTE-channel-identif-02.Ls"
 └── File: "file:///c%3a/Users/user/Desktop/LibAAFTestFiles/tmp/PT_Multichannel_5.1_multi_source/PT_MultichayhhbVWSQfdrsFPBB.wav"

 Audio[10] :: Format: WAVE - 01 ch - 32000 Hz - 16 bits  Length: 227201  Name: "5.1-SMPTE-channel-identif-02.R"  UniqueName: "5.1-SMPTE-channel-identif-02.R"
 └── File: "file:///c%3a/Users/user/Desktop/LibAAFTestFiles/tmp/PT_Multichannel_5.1_multi_source/PT_MultichahxvwTWSQbrqsFPBB.wav"

 Audio[11] :: Format: WAVE - 01 ch - 32000 Hz - 16 bits  Length: 227201  Name: "5.1-SMPTE-channel-identif-02.C"  UniqueName: "5.1-SMPTE-channel-identif-02.C"
 └── File: "file:///c%3a/Users/user/Desktop/LibAAFTestFiles/tmp/PT_Multichannel_5.1_multi_source/PT_MultichahzrrTWSQbcqsFPBB.wav"

 Audio[12] :: Format: WAVE - 01 ch - 32000 Hz - 16 bits  Length: 227201  Name: "5.1-SMPTE-channel-identif-02.L"  UniqueName: "5.1-SMPTE-channel-identif-02.L"
 └── File: "file:///c%3a/Users/user/Desktop/LibAAFTestFiles/tmp/PT_Multichannel_5.1_multi_source/PT_MultichaqmfmTWSQhqpsFPBB.wav"


Tracks & Clips :
================


 AudioTrack[1] ::  EditRate: 30/1 (30.00)  Format: 5.1  Name: "Audio 1"
 └── Clip (1):  Start: 9600000  Len: 224000  End: 9824000  SourceOffset: 2133  Channels: 6
     ├── SourceFile [ch 1]: "5.1-SMPTE-channel-identif-02.L"
     ├── SourceFile [ch 1]: "5.1-SMPTE-channel-identif-02.C"
     ├── SourceFile [ch 1]: "5.1-SMPTE-channel-identif-02.R"
     ├── SourceFile [ch 1]: "5.1-SMPTE-channel-identif-02.Ls"
     ├── SourceFile [ch 1]: "5.1-SMPTE-channel-identif-02.Rs"
     └── SourceFile [ch 1]: "5.1-SMPTE-channel-identif-02.LFE"
  

