
 ByteOrder            : Little-Endian (0x4949)
 LastModified         : 2024-01-09 15:51:04.00
 AAF ObjSpec Version  : 1.1
 ObjectModel Version  : 1
 Operational Pattern  : AAFUID_NULL



 CompanyName          : Digidesign, Inc.
 ProductName          : ProTools
 ProductVersion       : 23.12.0.136 AAFVersionReleased (1)
 ProductVersionString : 23.12.0.136
 ProductID            : { 0x319414f6 0x5852 0x4050 { 0xa4 0xeb 0x98 0x1e 0x64 0x3f 0x33 0xa2 } }
 Date                 : 2024-01-09 15:51:03.00
 ToolkitVersion       : 1.1.6.0 AAFVersionBeta (4)
 Platform             : AAFSDK (Win64)
 GenerationAUID       : { 0x2031e762 0xf2d1 0x4c4c { 0xb7 0xbb 0xc7 0xd6 0x87 0x8e 0x32 0x5a } }



 Composition Name            : PT_PCM_Internal

 TC EditRrate                : 30/1
 TC FPS                      : 30 NDF

 Composition Start (EU)      : 0
 Composition Start (samples) : 0
 Composition Start           : 00:00:00:00

 Composition End (EU)        : 57632000 (EditRate: 16000/1)
 Composition End (samples)   : 158848200
 Composition End             : 01:00:02:00

 Dominant Sample Rate        : 16000
 Dominant Sample Size        : 16 bits

 UserComments :
   [0]  Name: "Comment"   Text: ""


Media Essences :
================

   0:  Type: PCM   Length: 32000  01 Ch - 16000 Hz - 16 bits  file: EMBEDDED  file_name: 1000hz-18dbs16b44.1k-01


Tracks & Clips :
================

Track  (1) - MONO   - Gain: none     - Pan: none    - edit_rate: 16000/1 (16000.00)  -  "Audio 1"
 Clip:0    Channel: 1  Gain: none             GainAuto: none  Start: 158760000  Len: 88200  End: 158848200  SrcOffset: 0
   SourceFile: [ch 1] 1000hz-18dbs16b44.1k-01   (1000hz-18dbs16b44.1k-01)




