
 ByteOrder            : Little-Endian (0x4949)
 LastModified         : 2024-01-03 16:46:32.00
 AAF ObjSpec Version  : 1.1
 ObjectModel Version  : 1
 Operational Pattern  : AAFUID_NULL



 CompanyName          : Digidesign, Inc.
 ProductName          : ProTools
 ProductVersion       : 23.12.0.136 AAFVersionReleased (1)
 ProductVersionString : 23.12.0.136
 ProductID            : { 0x319414f6 0x5852 0x4050 { 0xa4 0xeb 0x98 0x1e 0x64 0x3f 0x33 0xa2 } }
 Date                 : 2024-01-03 16:46:32.00
 ToolkitVersion       : 1.1.6.0 AAFVersionBeta (4)
 Platform             : AAFSDK (Win64)
 GenerationAUID       : { 0x29084aad 0x2899 0x4d15 { 0xab 0xb7 0x27 0x85 0x59 0x26 0x9b 0xc9 } }



 Composition Name            : PT_WAV_External

 TC EditRrate                : 30/1
 TC FPS                      : 30 NDF

 Composition Start (EU)      : 0
 Composition Start (samples) : 0
 Composition Start           : 00:00:00:00

 Composition End (EU)        : 158848200 (EditRate: 44100/1)
 Composition End (samples)   : 158848200
 Composition End             : 01:00:01:29

 Dominant Sample Rate        : 44100
 Dominant Sample Size        : 16 bits

 UserComments :
   [0]  Name: "Comment"   Text: ""


Media Essences :
================

   0:  Type: WAVE  Length: 132300  01 Ch - 44100 Hz - 16 bits  file: /home/agfline/Programming/libaaf/LibAAF/test/res/1000hz-18dbs16b44.1k.wav  file_name: 1000hz-18dbs16b44.1k-01


Tracks & Clips :
================

Track  (1) - MONO   - Gain: none     - Pan: none    - edit_rate: 44100/1 (44100.00)  -  "Audio 1"
 Clip:0    Channel: 1  Gain: none             GainAuto: none  Start: 158804100  Len: 44100  End: 158848200  SrcOffset: 44100
   SourceFile: [ch 1] 1000hz-18dbs16b44.1k-01   (1000hz-18dbs16b44.1k-01)




