
 ByteOrder            : Little-Endian (0x4949)
 LastModified         : 2024-01-09 15:53:47.00
 AAF ObjSpec Version  : 1.1
 ObjectModel Version  : 1
 Operational Pattern  : AAFUID_NULL



 CompanyName          : Digidesign, Inc.
 ProductName          : ProTools
 ProductVersion       : 23.12.0.136 AAFVersionReleased (1)
 ProductVersionString : 23.12.0.136
 ProductID            : { 0x319414f6 0x5852 0x4050 { 0xa4 0xeb 0x98 0x1e 0x64 0x3f 0x33 0xa2 } }
 Date                 : 2024-01-09 15:53:45.00
 ToolkitVersion       : 1.1.6.0 AAFVersionBeta (4)
 Platform             : AAFSDK (Win64)
 GenerationAUID       : { 0x40652cba 0x5087 0x4950 { 0xb5 0x72 0x31 0x8f 0x46 0x6c 0xf5 0x41 } }



 Composition Name            : PT_WAV_External_same_directory

 TC EditRrate                : 30/1
 TC FPS                      : 30 NDF

 Composition Start (EU)      : 0
 Composition Start (samples) : 0
 Composition Start           : 00:00:00:00

 Composition End (EU)        : 108060 (EditRate: 30/1)
 Composition End (samples)   : 158848200
 Composition End             : 01:00:02:00

 Dominant Sample Rate        : 32000
 Dominant Sample Size        : 16 bits

 Metadata:
 - Name: "Comment"  Text: ""


Media Essences :
================

 Audio[1] :: Format: WAVE - 01 ch - 32000 Hz - 16 bits  Length: 64001  Name: "1000hz-18dbs16b44.1k-01"  UniqueName: "1000hz-18dbs16b44.1k-01"
 └── File: "./PT_WAV_ExtehcrfPFTBxvdzJCBB.wav"


Tracks & Clips :
================


 AudioTrack[1] ::  EditRate: 30/1 (30.00)  Format: MONO  Name: "Audio 1"
 └── Clip (1):  Start: 158760000  Len: 88200  End: 158848200  SourceOffset: 0  Channels: 1
     └── SourceFile [ch 1]: "1000hz-18dbs16b44.1k-01"
  

